/var/folders/4y/ps29sw397zvfg5j92gl4zbp00000gn/T/erdos1045-clean-a8seq3u2/source/LocalMonoSemantics1045.lean:13:17: warning: Unused tactic linter: `ring` does nothing

Note: This linter can be disabled with `set_option linter.unusedTactic false`
/var/folders/4y/ps29sw397zvfg5j92gl4zbp00000gn/T/erdos1045-clean-a8seq3u2/source/LocalMonoSemantics1045.lean:15:17: warning: Unused tactic linter: `ring` does nothing

Note: This linter can be disabled with `set_option linter.unusedTactic false`
/var/folders/4y/ps29sw397zvfg5j92gl4zbp00000gn/T/erdos1045-clean-a8seq3u2/source/LocalMonoSemantics1045.lean:17:17: warning: Unused tactic linter: `ring` does nothing

Note: This linter can be disabled with `set_option linter.unusedTactic false`
/var/folders/4y/ps29sw397zvfg5j92gl4zbp00000gn/T/erdos1045-clean-a8seq3u2/source/LocalMonoSemantics1045.lean:21:17: warning: Unused tactic linter: `ring` does nothing

Note: This linter can be disabled with `set_option linter.unusedTactic false`
/var/folders/4y/ps29sw397zvfg5j92gl4zbp00000gn/T/erdos1045-clean-a8seq3u2/source/LocalMonoSemantics1045.lean:29:17: warning: Unused tactic linter: `ring` does nothing

Note: This linter can be disabled with `set_option linter.unusedTactic false`
/var/folders/4y/ps29sw397zvfg5j92gl4zbp00000gn/T/erdos1045-clean-a8seq3u2/source/LocalMonoSemantics1045.lean:13:17: warning: this tactic is never executed

Note: This linter can be disabled with `set_option linter.unreachableTactic false`
/var/folders/4y/ps29sw397zvfg5j92gl4zbp00000gn/T/erdos1045-clean-a8seq3u2/source/LocalMonoSemantics1045.lean:15:17: warning: this tactic is never executed

Note: This linter can be disabled with `set_option linter.unreachableTactic false`
/var/folders/4y/ps29sw397zvfg5j92gl4zbp00000gn/T/erdos1045-clean-a8seq3u2/source/LocalMonoSemantics1045.lean:17:17: warning: this tactic is never executed

Note: This linter can be disabled with `set_option linter.unreachableTactic false`
/var/folders/4y/ps29sw397zvfg5j92gl4zbp00000gn/T/erdos1045-clean-a8seq3u2/source/LocalMonoSemantics1045.lean:21:17: warning: this tactic is never executed

Note: This linter can be disabled with `set_option linter.unreachableTactic false`
/var/folders/4y/ps29sw397zvfg5j92gl4zbp00000gn/T/erdos1045-clean-a8seq3u2/source/LocalMonoSemantics1045.lean:29:17: warning: this tactic is never executed

Note: This linter can be disabled with `set_option linter.unreachableTactic false`
/var/folders/4y/ps29sw397zvfg5j92gl4zbp00000gn/T/erdos1045-clean-a8seq3u2/source/LocalMonoSemantics1045.lean:19:13: warning: Used `tac1 <;> tac2` where `(tac1; tac2)` would suffice

Note: This linter can be disabled with `set_option linter.unnecessarySeqFocus false`
/var/folders/4y/ps29sw397zvfg5j92gl4zbp00000gn/T/erdos1045-clean-a8seq3u2/source/LocalMonoSemantics1045.lean:23:13: warning: Used `tac1 <;> tac2` where `(tac1; tac2)` would suffice

Note: This linter can be disabled with `set_option linter.unnecessarySeqFocus false`
/var/folders/4y/ps29sw397zvfg5j92gl4zbp00000gn/T/erdos1045-clean-a8seq3u2/source/LocalMonoSemantics1045.lean:25:13: warning: Used `tac1 <;> tac2` where `(tac1; tac2)` would suffice

Note: This linter can be disabled with `set_option linter.unnecessarySeqFocus false`
/var/folders/4y/ps29sw397zvfg5j92gl4zbp00000gn/T/erdos1045-clean-a8seq3u2/source/LocalMonoSemantics1045.lean:27:13: warning: Used `tac1 <;> tac2` where `(tac1; tac2)` would suffice

Note: This linter can be disabled with `set_option linter.unnecessarySeqFocus false`
/var/folders/4y/ps29sw397zvfg5j92gl4zbp00000gn/T/erdos1045-clean-a8seq3u2/source/LocalMonoSemantics1045.lean:31:13: warning: Used `tac1 <;> tac2` where `(tac1; tac2)` would suffice

Note: This linter can be disabled with `set_option linter.unnecessarySeqFocus false`
/var/folders/4y/ps29sw397zvfg5j92gl4zbp00000gn/T/erdos1045-clean-a8seq3u2/source/LocalMonoSemantics1045.lean:37:13: warning: Used `tac1 <;> tac2` where `(tac1; tac2)` would suffice

Note: This linter can be disabled with `set_option linter.unnecessarySeqFocus false`
/var/folders/4y/ps29sw397zvfg5j92gl4zbp00000gn/T/erdos1045-clean-a8seq3u2/source/LocalMonoSemantics1045.lean:39:13: warning: Used `tac1 <;> tac2` where `(tac1; tac2)` would suffice

Note: This linter can be disabled with `set_option linter.unnecessarySeqFocus false`
/var/folders/4y/ps29sw397zvfg5j92gl4zbp00000gn/T/erdos1045-clean-a8seq3u2/source/LocalMonoSemantics1045.lean:41:13: warning: Used `tac1 <;> tac2` where `(tac1; tac2)` would suffice

Note: This linter can be disabled with `set_option linter.unnecessarySeqFocus false`
/var/folders/4y/ps29sw397zvfg5j92gl4zbp00000gn/T/erdos1045-clean-a8seq3u2/source/LocalMonoSemantics1045.lean:43:13: warning: Used `tac1 <;> tac2` where `(tac1; tac2)` would suffice

Note: This linter can be disabled with `set_option linter.unnecessarySeqFocus false`
/var/folders/4y/ps29sw397zvfg5j92gl4zbp00000gn/T/erdos1045-clean-a8seq3u2/source/LocalMonoSemantics1045.lean:45:13: warning: Used `tac1 <;> tac2` where `(tac1; tac2)` would suffice

Note: This linter can be disabled with `set_option linter.unnecessarySeqFocus false`
/var/folders/4y/ps29sw397zvfg5j92gl4zbp00000gn/T/erdos1045-clean-a8seq3u2/source/LocalMonoSemantics1045.lean:47:13: warning: Used `tac1 <;> tac2` where `(tac1; tac2)` would suffice

Note: This linter can be disabled with `set_option linter.unnecessarySeqFocus false`
/var/folders/4y/ps29sw397zvfg5j92gl4zbp00000gn/T/erdos1045-clean-a8seq3u2/source/LocalMonoSemantics1045.lean:49:13: warning: Used `tac1 <;> tac2` where `(tac1; tac2)` would suffice

Note: This linter can be disabled with `set_option linter.unnecessarySeqFocus false`
/var/folders/4y/ps29sw397zvfg5j92gl4zbp00000gn/T/erdos1045-clean-a8seq3u2/source/LocalMonoSemantics1045.lean:51:13: warning: Used `tac1 <;> tac2` where `(tac1; tac2)` would suffice

Note: This linter can be disabled with `set_option linter.unnecessarySeqFocus false`
/var/folders/4y/ps29sw397zvfg5j92gl4zbp00000gn/T/erdos1045-clean-a8seq3u2/source/LocalMonoSemantics1045.lean:53:13: warning: Used `tac1 <;> tac2` where `(tac1; tac2)` would suffice

Note: This linter can be disabled with `set_option linter.unnecessarySeqFocus false`
/var/folders/4y/ps29sw397zvfg5j92gl4zbp00000gn/T/erdos1045-clean-a8seq3u2/source/LocalMonoSemantics1045.lean:55:13: warning: Used `tac1 <;> tac2` where `(tac1; tac2)` would suffice

Note: This linter can be disabled with `set_option linter.unnecessarySeqFocus false`
/var/folders/4y/ps29sw397zvfg5j92gl4zbp00000gn/T/erdos1045-clean-a8seq3u2/source/LocalMonoSemantics1045.lean:61:17: warning: Unused tactic linter: `ring` does nothing

Note: This linter can be disabled with `set_option linter.unusedTactic false`
/var/folders/4y/ps29sw397zvfg5j92gl4zbp00000gn/T/erdos1045-clean-a8seq3u2/source/LocalMonoSemantics1045.lean:63:17: warning: Unused tactic linter: `ring` does nothing

Note: This linter can be disabled with `set_option linter.unusedTactic false`
/var/folders/4y/ps29sw397zvfg5j92gl4zbp00000gn/T/erdos1045-clean-a8seq3u2/source/LocalMonoSemantics1045.lean:65:17: warning: Unused tactic linter: `ring` does nothing

Note: This linter can be disabled with `set_option linter.unusedTactic false`
/var/folders/4y/ps29sw397zvfg5j92gl4zbp00000gn/T/erdos1045-clean-a8seq3u2/source/LocalMonoSemantics1045.lean:69:17: warning: Unused tactic linter: `ring` does nothing

Note: This linter can be disabled with `set_option linter.unusedTactic false`
/var/folders/4y/ps29sw397zvfg5j92gl4zbp00000gn/T/erdos1045-clean-a8seq3u2/source/LocalMonoSemantics1045.lean:75:17: warning: Unused tactic linter: `ring` does nothing

Note: This linter can be disabled with `set_option linter.unusedTactic false`
/var/folders/4y/ps29sw397zvfg5j92gl4zbp00000gn/T/erdos1045-clean-a8seq3u2/source/LocalMonoSemantics1045.lean:77:17: warning: Unused tactic linter: `ring` does nothing

Note: This linter can be disabled with `set_option linter.unusedTactic false`
/var/folders/4y/ps29sw397zvfg5j92gl4zbp00000gn/T/erdos1045-clean-a8seq3u2/source/LocalMonoSemantics1045.lean:61:17: warning: this tactic is never executed

Note: This linter can be disabled with `set_option linter.unreachableTactic false`
/var/folders/4y/ps29sw397zvfg5j92gl4zbp00000gn/T/erdos1045-clean-a8seq3u2/source/LocalMonoSemantics1045.lean:63:17: warning: this tactic is never executed

Note: This linter can be disabled with `set_option linter.unreachableTactic false`
/var/folders/4y/ps29sw397zvfg5j92gl4zbp00000gn/T/erdos1045-clean-a8seq3u2/source/LocalMonoSemantics1045.lean:65:17: warning: this tactic is never executed

Note: This linter can be disabled with `set_option linter.unreachableTactic false`
/var/folders/4y/ps29sw397zvfg5j92gl4zbp00000gn/T/erdos1045-clean-a8seq3u2/source/LocalMonoSemantics1045.lean:69:17: warning: this tactic is never executed

Note: This linter can be disabled with `set_option linter.unreachableTactic false`
/var/folders/4y/ps29sw397zvfg5j92gl4zbp00000gn/T/erdos1045-clean-a8seq3u2/source/LocalMonoSemantics1045.lean:75:17: warning: this tactic is never executed

Note: This linter can be disabled with `set_option linter.unreachableTactic false`
/var/folders/4y/ps29sw397zvfg5j92gl4zbp00000gn/T/erdos1045-clean-a8seq3u2/source/LocalMonoSemantics1045.lean:77:17: warning: this tactic is never executed

Note: This linter can be disabled with `set_option linter.unreachableTactic false`
/var/folders/4y/ps29sw397zvfg5j92gl4zbp00000gn/T/erdos1045-clean-a8seq3u2/source/LocalMonoSemantics1045.lean:67:13: warning: Used `tac1 <;> tac2` where `(tac1; tac2)` would suffice

Note: This linter can be disabled with `set_option linter.unnecessarySeqFocus false`
/var/folders/4y/ps29sw397zvfg5j92gl4zbp00000gn/T/erdos1045-clean-a8seq3u2/source/LocalMonoSemantics1045.lean:71:13: warning: Used `tac1 <;> tac2` where `(tac1; tac2)` would suffice

Note: This linter can be disabled with `set_option linter.unnecessarySeqFocus false`
/var/folders/4y/ps29sw397zvfg5j92gl4zbp00000gn/T/erdos1045-clean-a8seq3u2/source/LocalMonoSemantics1045.lean:73:13: warning: Used `tac1 <;> tac2` where `(tac1; tac2)` would suffice

Note: This linter can be disabled with `set_option linter.unnecessarySeqFocus false`
/var/folders/4y/ps29sw397zvfg5j92gl4zbp00000gn/T/erdos1045-clean-a8seq3u2/source/LocalMonoSemantics1045.lean:79:13: warning: Used `tac1 <;> tac2` where `(tac1; tac2)` would suffice

Note: This linter can be disabled with `set_option linter.unnecessarySeqFocus false`
/var/folders/4y/ps29sw397zvfg5j92gl4zbp00000gn/T/erdos1045-clean-a8seq3u2/source/LocalMonoSemantics1045.lean:85:17: warning: Unused tactic linter: `ring` does nothing

Note: This linter can be disabled with `set_option linter.unusedTactic false`
/var/folders/4y/ps29sw397zvfg5j92gl4zbp00000gn/T/erdos1045-clean-a8seq3u2/source/LocalMonoSemantics1045.lean:87:17: warning: Unused tactic linter: `ring` does nothing

Note: This linter can be disabled with `set_option linter.unusedTactic false`
/var/folders/4y/ps29sw397zvfg5j92gl4zbp00000gn/T/erdos1045-clean-a8seq3u2/source/LocalMonoSemantics1045.lean:89:17: warning: Unused tactic linter: `ring` does nothing

Note: This linter can be disabled with `set_option linter.unusedTactic false`
/var/folders/4y/ps29sw397zvfg5j92gl4zbp00000gn/T/erdos1045-clean-a8seq3u2/source/LocalMonoSemantics1045.lean:91:17: warning: Unused tactic linter: `ring` does nothing

Note: This linter can be disabled with `set_option linter.unusedTactic false`
/var/folders/4y/ps29sw397zvfg5j92gl4zbp00000gn/T/erdos1045-clean-a8seq3u2/source/LocalMonoSemantics1045.lean:93:17: warning: Unused tactic linter: `ring` does nothing

Note: This linter can be disabled with `set_option linter.unusedTactic false`
/var/folders/4y/ps29sw397zvfg5j92gl4zbp00000gn/T/erdos1045-clean-a8seq3u2/source/LocalMonoSemantics1045.lean:95:17: warning: Unused tactic linter: `ring` does nothing

Note: This linter can be disabled with `set_option linter.unusedTactic false`
/var/folders/4y/ps29sw397zvfg5j92gl4zbp00000gn/T/erdos1045-clean-a8seq3u2/source/LocalMonoSemantics1045.lean:99:17: warning: Unused tactic linter: `ring` does nothing

Note: This linter can be disabled with `set_option linter.unusedTactic false`
/var/folders/4y/ps29sw397zvfg5j92gl4zbp00000gn/T/erdos1045-clean-a8seq3u2/source/LocalMonoSemantics1045.lean:101:17: warning: Unused tactic linter: `ring` does nothing

Note: This linter can be disabled with `set_option linter.unusedTactic false`
/var/folders/4y/ps29sw397zvfg5j92gl4zbp00000gn/T/erdos1045-clean-a8seq3u2/source/LocalMonoSemantics1045.lean:103:17: warning: Unused tactic linter: `ring` does nothing

Note: This linter can be disabled with `set_option linter.unusedTactic false`
/var/folders/4y/ps29sw397zvfg5j92gl4zbp00000gn/T/erdos1045-clean-a8seq3u2/source/LocalMonoSemantics1045.lean:85:17: warning: this tactic is never executed

Note: This linter can be disabled with `set_option linter.unreachableTactic false`
/var/folders/4y/ps29sw397zvfg5j92gl4zbp00000gn/T/erdos1045-clean-a8seq3u2/source/LocalMonoSemantics1045.lean:87:17: warning: this tactic is never executed

Note: This linter can be disabled with `set_option linter.unreachableTactic false`
/var/folders/4y/ps29sw397zvfg5j92gl4zbp00000gn/T/erdos1045-clean-a8seq3u2/source/LocalMonoSemantics1045.lean:89:17: warning: this tactic is never executed

Note: This linter can be disabled with `set_option linter.unreachableTactic false`
/var/folders/4y/ps29sw397zvfg5j92gl4zbp00000gn/T/erdos1045-clean-a8seq3u2/source/LocalMonoSemantics1045.lean:91:17: warning: this tactic is never executed

Note: This linter can be disabled with `set_option linter.unreachableTactic false`
/var/folders/4y/ps29sw397zvfg5j92gl4zbp00000gn/T/erdos1045-clean-a8seq3u2/source/LocalMonoSemantics1045.lean:93:17: warning: this tactic is never executed

Note: This linter can be disabled with `set_option linter.unreachableTactic false`
/var/folders/4y/ps29sw397zvfg5j92gl4zbp00000gn/T/erdos1045-clean-a8seq3u2/source/LocalMonoSemantics1045.lean:95:17: warning: this tactic is never executed

Note: This linter can be disabled with `set_option linter.unreachableTactic false`
/var/folders/4y/ps29sw397zvfg5j92gl4zbp00000gn/T/erdos1045-clean-a8seq3u2/source/LocalMonoSemantics1045.lean:99:17: warning: this tactic is never executed

Note: This linter can be disabled with `set_option linter.unreachableTactic false`
/var/folders/4y/ps29sw397zvfg5j92gl4zbp00000gn/T/erdos1045-clean-a8seq3u2/source/LocalMonoSemantics1045.lean:101:17: warning: this tactic is never executed

Note: This linter can be disabled with `set_option linter.unreachableTactic false`
/var/folders/4y/ps29sw397zvfg5j92gl4zbp00000gn/T/erdos1045-clean-a8seq3u2/source/LocalMonoSemantics1045.lean:103:17: warning: this tactic is never executed

Note: This linter can be disabled with `set_option linter.unreachableTactic false`
/var/folders/4y/ps29sw397zvfg5j92gl4zbp00000gn/T/erdos1045-clean-a8seq3u2/source/LocalMonoSemantics1045.lean:97:13: warning: Used `tac1 <;> tac2` where `(tac1; tac2)` would suffice

Note: This linter can be disabled with `set_option linter.unnecessarySeqFocus false`
'Erdos1045N6.LocalMono.distanceExpr_val' depends on axioms: [propext, Classical.choice, Quot.sound]
'Erdos1045N6.LocalMono.derivativeExpr_val' depends on axioms: [propext, Classical.choice, Quot.sound]
'Erdos1045N6.LocalMono.quotientSumExpr_val' depends on axioms: [propext, Classical.choice, Quot.sound]
