/var/folders/4y/ps29sw397zvfg5j92gl4zbp00000gn/T/erdos1045-clean-a8seq3u2/source/TaylorBridgeShape31045.lean:13:28: warning: try 'simp' instead of 'simpa'

Note: This linter can be disabled with `set_option linter.unnecessarySimpa false`
/var/folders/4y/ps29sw397zvfg5j92gl4zbp00000gn/T/erdos1045-clean-a8seq3u2/source/TaylorBridgeShape31045.lean:17:37: warning: Used `tac1 <;> tac2` where `(tac1; tac2)` would suffice

Note: This linter can be disabled with `set_option linter.unnecessarySeqFocus false`
/var/folders/4y/ps29sw397zvfg5j92gl4zbp00000gn/T/erdos1045-clean-a8seq3u2/source/TaylorBridgeShape31045.lean:19:37: warning: Used `tac1 <;> tac2` where `(tac1; tac2)` would suffice

Note: This linter can be disabled with `set_option linter.unnecessarySeqFocus false`
/var/folders/4y/ps29sw397zvfg5j92gl4zbp00000gn/T/erdos1045-clean-a8seq3u2/source/TaylorBridgeShape31045.lean:21:37: warning: Used `tac1 <;> tac2` where `(tac1; tac2)` would suffice

Note: This linter can be disabled with `set_option linter.unnecessarySeqFocus false`
/var/folders/4y/ps29sw397zvfg5j92gl4zbp00000gn/T/erdos1045-clean-a8seq3u2/source/TaylorBridgeShape31045.lean:23:37: warning: Used `tac1 <;> tac2` where `(tac1; tac2)` would suffice

Note: This linter can be disabled with `set_option linter.unnecessarySeqFocus false`
/var/folders/4y/ps29sw397zvfg5j92gl4zbp00000gn/T/erdos1045-clean-a8seq3u2/source/TaylorBridgeShape31045.lean:25:37: warning: Used `tac1 <;> tac2` where `(tac1; tac2)` would suffice

Note: This linter can be disabled with `set_option linter.unnecessarySeqFocus false`
/var/folders/4y/ps29sw397zvfg5j92gl4zbp00000gn/T/erdos1045-clean-a8seq3u2/source/TaylorBridgeShape31045.lean:27:37: warning: Used `tac1 <;> tac2` where `(tac1; tac2)` would suffice

Note: This linter can be disabled with `set_option linter.unnecessarySeqFocus false`
/var/folders/4y/ps29sw397zvfg5j92gl4zbp00000gn/T/erdos1045-clean-a8seq3u2/source/TaylorBridgeShape31045.lean:29:37: warning: Used `tac1 <;> tac2` where `(tac1; tac2)` would suffice

Note: This linter can be disabled with `set_option linter.unnecessarySeqFocus false`
/var/folders/4y/ps29sw397zvfg5j92gl4zbp00000gn/T/erdos1045-clean-a8seq3u2/source/TaylorBridgeShape31045.lean:31:37: warning: Used `tac1 <;> tac2` where `(tac1; tac2)` would suffice

Note: This linter can be disabled with `set_option linter.unnecessarySeqFocus false`
/var/folders/4y/ps29sw397zvfg5j92gl4zbp00000gn/T/erdos1045-clean-a8seq3u2/source/TaylorBridgeShape31045.lean:33:37: warning: Used `tac1 <;> tac2` where `(tac1; tac2)` would suffice

Note: This linter can be disabled with `set_option linter.unnecessarySeqFocus false`
/var/folders/4y/ps29sw397zvfg5j92gl4zbp00000gn/T/erdos1045-clean-a8seq3u2/source/TaylorBridgeShape31045.lean:35:37: warning: Used `tac1 <;> tac2` where `(tac1; tac2)` would suffice

Note: This linter can be disabled with `set_option linter.unnecessarySeqFocus false`
/var/folders/4y/ps29sw397zvfg5j92gl4zbp00000gn/T/erdos1045-clean-a8seq3u2/source/TaylorBridgeShape31045.lean:38:29: warning: try 'simp' instead of 'simpa'

Note: This linter can be disabled with `set_option linter.unnecessarySimpa false`
/var/folders/4y/ps29sw397zvfg5j92gl4zbp00000gn/T/erdos1045-clean-a8seq3u2/source/TaylorBridgeShape31045.lean:46:41: warning: Unused tactic linter: `ring` does nothing

Note: This linter can be disabled with `set_option linter.unusedTactic false`
/var/folders/4y/ps29sw397zvfg5j92gl4zbp00000gn/T/erdos1045-clean-a8seq3u2/source/TaylorBridgeShape31045.lean:49:41: warning: Unused tactic linter: `ring` does nothing

Note: This linter can be disabled with `set_option linter.unusedTactic false`
/var/folders/4y/ps29sw397zvfg5j92gl4zbp00000gn/T/erdos1045-clean-a8seq3u2/source/TaylorBridgeShape31045.lean:52:41: warning: Unused tactic linter: `ring` does nothing

Note: This linter can be disabled with `set_option linter.unusedTactic false`
/var/folders/4y/ps29sw397zvfg5j92gl4zbp00000gn/T/erdos1045-clean-a8seq3u2/source/TaylorBridgeShape31045.lean:61:41: warning: Unused tactic linter: `ring` does nothing

Note: This linter can be disabled with `set_option linter.unusedTactic false`
/var/folders/4y/ps29sw397zvfg5j92gl4zbp00000gn/T/erdos1045-clean-a8seq3u2/source/TaylorBridgeShape31045.lean:64:41: warning: Unused tactic linter: `ring` does nothing

Note: This linter can be disabled with `set_option linter.unusedTactic false`
/var/folders/4y/ps29sw397zvfg5j92gl4zbp00000gn/T/erdos1045-clean-a8seq3u2/source/TaylorBridgeShape31045.lean:67:41: warning: Unused tactic linter: `ring` does nothing

Note: This linter can be disabled with `set_option linter.unusedTactic false`
/var/folders/4y/ps29sw397zvfg5j92gl4zbp00000gn/T/erdos1045-clean-a8seq3u2/source/TaylorBridgeShape31045.lean:73:41: warning: Unused tactic linter: `ring` does nothing

Note: This linter can be disabled with `set_option linter.unusedTactic false`
/var/folders/4y/ps29sw397zvfg5j92gl4zbp00000gn/T/erdos1045-clean-a8seq3u2/source/TaylorBridgeShape31045.lean:76:41: warning: Unused tactic linter: `ring` does nothing

Note: This linter can be disabled with `set_option linter.unusedTactic false`
/var/folders/4y/ps29sw397zvfg5j92gl4zbp00000gn/T/erdos1045-clean-a8seq3u2/source/TaylorBridgeShape31045.lean:79:41: warning: Unused tactic linter: `ring` does nothing

Note: This linter can be disabled with `set_option linter.unusedTactic false`
/var/folders/4y/ps29sw397zvfg5j92gl4zbp00000gn/T/erdos1045-clean-a8seq3u2/source/TaylorBridgeShape31045.lean:82:41: warning: Unused tactic linter: `ring` does nothing

Note: This linter can be disabled with `set_option linter.unusedTactic false`
/var/folders/4y/ps29sw397zvfg5j92gl4zbp00000gn/T/erdos1045-clean-a8seq3u2/source/TaylorBridgeShape31045.lean:88:41: warning: Unused tactic linter: `ring` does nothing

Note: This linter can be disabled with `set_option linter.unusedTactic false`
/var/folders/4y/ps29sw397zvfg5j92gl4zbp00000gn/T/erdos1045-clean-a8seq3u2/source/TaylorBridgeShape31045.lean:91:41: warning: Unused tactic linter: `ring` does nothing

Note: This linter can be disabled with `set_option linter.unusedTactic false`
/var/folders/4y/ps29sw397zvfg5j92gl4zbp00000gn/T/erdos1045-clean-a8seq3u2/source/TaylorBridgeShape31045.lean:94:41: warning: Unused tactic linter: `ring` does nothing

Note: This linter can be disabled with `set_option linter.unusedTactic false`
/var/folders/4y/ps29sw397zvfg5j92gl4zbp00000gn/T/erdos1045-clean-a8seq3u2/source/TaylorBridgeShape31045.lean:97:41: warning: Unused tactic linter: `ring` does nothing

Note: This linter can be disabled with `set_option linter.unusedTactic false`
/var/folders/4y/ps29sw397zvfg5j92gl4zbp00000gn/T/erdos1045-clean-a8seq3u2/source/TaylorBridgeShape31045.lean:106:41: warning: Unused tactic linter: `ring` does nothing

Note: This linter can be disabled with `set_option linter.unusedTactic false`
/var/folders/4y/ps29sw397zvfg5j92gl4zbp00000gn/T/erdos1045-clean-a8seq3u2/source/TaylorBridgeShape31045.lean:112:41: warning: Unused tactic linter: `ring` does nothing

Note: This linter can be disabled with `set_option linter.unusedTactic false`
/var/folders/4y/ps29sw397zvfg5j92gl4zbp00000gn/T/erdos1045-clean-a8seq3u2/source/TaylorBridgeShape31045.lean:118:41: warning: Unused tactic linter: `ring` does nothing

Note: This linter can be disabled with `set_option linter.unusedTactic false`
/var/folders/4y/ps29sw397zvfg5j92gl4zbp00000gn/T/erdos1045-clean-a8seq3u2/source/TaylorBridgeShape31045.lean:121:41: warning: Unused tactic linter: `ring` does nothing

Note: This linter can be disabled with `set_option linter.unusedTactic false`
/var/folders/4y/ps29sw397zvfg5j92gl4zbp00000gn/T/erdos1045-clean-a8seq3u2/source/TaylorBridgeShape31045.lean:136:41: warning: Unused tactic linter: `ring` does nothing

Note: This linter can be disabled with `set_option linter.unusedTactic false`
/var/folders/4y/ps29sw397zvfg5j92gl4zbp00000gn/T/erdos1045-clean-a8seq3u2/source/TaylorBridgeShape31045.lean:145:41: warning: Unused tactic linter: `ring` does nothing

Note: This linter can be disabled with `set_option linter.unusedTactic false`
/var/folders/4y/ps29sw397zvfg5j92gl4zbp00000gn/T/erdos1045-clean-a8seq3u2/source/TaylorBridgeShape31045.lean:151:41: warning: Unused tactic linter: `ring` does nothing

Note: This linter can be disabled with `set_option linter.unusedTactic false`
/var/folders/4y/ps29sw397zvfg5j92gl4zbp00000gn/T/erdos1045-clean-a8seq3u2/source/TaylorBridgeShape31045.lean:154:41: warning: Unused tactic linter: `ring` does nothing

Note: This linter can be disabled with `set_option linter.unusedTactic false`
/var/folders/4y/ps29sw397zvfg5j92gl4zbp00000gn/T/erdos1045-clean-a8seq3u2/source/TaylorBridgeShape31045.lean:46:41: warning: this tactic is never executed

Note: This linter can be disabled with `set_option linter.unreachableTactic false`
/var/folders/4y/ps29sw397zvfg5j92gl4zbp00000gn/T/erdos1045-clean-a8seq3u2/source/TaylorBridgeShape31045.lean:49:41: warning: this tactic is never executed

Note: This linter can be disabled with `set_option linter.unreachableTactic false`
/var/folders/4y/ps29sw397zvfg5j92gl4zbp00000gn/T/erdos1045-clean-a8seq3u2/source/TaylorBridgeShape31045.lean:52:41: warning: this tactic is never executed

Note: This linter can be disabled with `set_option linter.unreachableTactic false`
/var/folders/4y/ps29sw397zvfg5j92gl4zbp00000gn/T/erdos1045-clean-a8seq3u2/source/TaylorBridgeShape31045.lean:61:41: warning: this tactic is never executed

Note: This linter can be disabled with `set_option linter.unreachableTactic false`
/var/folders/4y/ps29sw397zvfg5j92gl4zbp00000gn/T/erdos1045-clean-a8seq3u2/source/TaylorBridgeShape31045.lean:64:41: warning: this tactic is never executed

Note: This linter can be disabled with `set_option linter.unreachableTactic false`
/var/folders/4y/ps29sw397zvfg5j92gl4zbp00000gn/T/erdos1045-clean-a8seq3u2/source/TaylorBridgeShape31045.lean:67:41: warning: this tactic is never executed

Note: This linter can be disabled with `set_option linter.unreachableTactic false`
/var/folders/4y/ps29sw397zvfg5j92gl4zbp00000gn/T/erdos1045-clean-a8seq3u2/source/TaylorBridgeShape31045.lean:73:41: warning: this tactic is never executed

Note: This linter can be disabled with `set_option linter.unreachableTactic false`
/var/folders/4y/ps29sw397zvfg5j92gl4zbp00000gn/T/erdos1045-clean-a8seq3u2/source/TaylorBridgeShape31045.lean:76:41: warning: this tactic is never executed

Note: This linter can be disabled with `set_option linter.unreachableTactic false`
/var/folders/4y/ps29sw397zvfg5j92gl4zbp00000gn/T/erdos1045-clean-a8seq3u2/source/TaylorBridgeShape31045.lean:79:41: warning: this tactic is never executed

Note: This linter can be disabled with `set_option linter.unreachableTactic false`
/var/folders/4y/ps29sw397zvfg5j92gl4zbp00000gn/T/erdos1045-clean-a8seq3u2/source/TaylorBridgeShape31045.lean:82:41: warning: this tactic is never executed

Note: This linter can be disabled with `set_option linter.unreachableTactic false`
/var/folders/4y/ps29sw397zvfg5j92gl4zbp00000gn/T/erdos1045-clean-a8seq3u2/source/TaylorBridgeShape31045.lean:88:41: warning: this tactic is never executed

Note: This linter can be disabled with `set_option linter.unreachableTactic false`
/var/folders/4y/ps29sw397zvfg5j92gl4zbp00000gn/T/erdos1045-clean-a8seq3u2/source/TaylorBridgeShape31045.lean:91:41: warning: this tactic is never executed

Note: This linter can be disabled with `set_option linter.unreachableTactic false`
/var/folders/4y/ps29sw397zvfg5j92gl4zbp00000gn/T/erdos1045-clean-a8seq3u2/source/TaylorBridgeShape31045.lean:94:41: warning: this tactic is never executed

Note: This linter can be disabled with `set_option linter.unreachableTactic false`
/var/folders/4y/ps29sw397zvfg5j92gl4zbp00000gn/T/erdos1045-clean-a8seq3u2/source/TaylorBridgeShape31045.lean:97:41: warning: this tactic is never executed

Note: This linter can be disabled with `set_option linter.unreachableTactic false`
/var/folders/4y/ps29sw397zvfg5j92gl4zbp00000gn/T/erdos1045-clean-a8seq3u2/source/TaylorBridgeShape31045.lean:106:41: warning: this tactic is never executed

Note: This linter can be disabled with `set_option linter.unreachableTactic false`
/var/folders/4y/ps29sw397zvfg5j92gl4zbp00000gn/T/erdos1045-clean-a8seq3u2/source/TaylorBridgeShape31045.lean:112:41: warning: this tactic is never executed

Note: This linter can be disabled with `set_option linter.unreachableTactic false`
/var/folders/4y/ps29sw397zvfg5j92gl4zbp00000gn/T/erdos1045-clean-a8seq3u2/source/TaylorBridgeShape31045.lean:118:41: warning: this tactic is never executed

Note: This linter can be disabled with `set_option linter.unreachableTactic false`
/var/folders/4y/ps29sw397zvfg5j92gl4zbp00000gn/T/erdos1045-clean-a8seq3u2/source/TaylorBridgeShape31045.lean:121:41: warning: this tactic is never executed

Note: This linter can be disabled with `set_option linter.unreachableTactic false`
/var/folders/4y/ps29sw397zvfg5j92gl4zbp00000gn/T/erdos1045-clean-a8seq3u2/source/TaylorBridgeShape31045.lean:136:41: warning: this tactic is never executed

Note: This linter can be disabled with `set_option linter.unreachableTactic false`
/var/folders/4y/ps29sw397zvfg5j92gl4zbp00000gn/T/erdos1045-clean-a8seq3u2/source/TaylorBridgeShape31045.lean:145:41: warning: this tactic is never executed

Note: This linter can be disabled with `set_option linter.unreachableTactic false`
/var/folders/4y/ps29sw397zvfg5j92gl4zbp00000gn/T/erdos1045-clean-a8seq3u2/source/TaylorBridgeShape31045.lean:151:41: warning: this tactic is never executed

Note: This linter can be disabled with `set_option linter.unreachableTactic false`
/var/folders/4y/ps29sw397zvfg5j92gl4zbp00000gn/T/erdos1045-clean-a8seq3u2/source/TaylorBridgeShape31045.lean:154:41: warning: this tactic is never executed

Note: This linter can be disabled with `set_option linter.unreachableTactic false`
/var/folders/4y/ps29sw397zvfg5j92gl4zbp00000gn/T/erdos1045-clean-a8seq3u2/source/TaylorBridgeShape31045.lean:43:37: warning: Used `tac1 <;> tac2` where `(tac1; tac2)` would suffice

Note: This linter can be disabled with `set_option linter.unnecessarySeqFocus false`
/var/folders/4y/ps29sw397zvfg5j92gl4zbp00000gn/T/erdos1045-clean-a8seq3u2/source/TaylorBridgeShape31045.lean:55:37: warning: Used `tac1 <;> tac2` where `(tac1; tac2)` would suffice

Note: This linter can be disabled with `set_option linter.unnecessarySeqFocus false`
/var/folders/4y/ps29sw397zvfg5j92gl4zbp00000gn/T/erdos1045-clean-a8seq3u2/source/TaylorBridgeShape31045.lean:58:37: warning: Used `tac1 <;> tac2` where `(tac1; tac2)` would suffice

Note: This linter can be disabled with `set_option linter.unnecessarySeqFocus false`
/var/folders/4y/ps29sw397zvfg5j92gl4zbp00000gn/T/erdos1045-clean-a8seq3u2/source/TaylorBridgeShape31045.lean:70:37: warning: Used `tac1 <;> tac2` where `(tac1; tac2)` would suffice

Note: This linter can be disabled with `set_option linter.unnecessarySeqFocus false`
/var/folders/4y/ps29sw397zvfg5j92gl4zbp00000gn/T/erdos1045-clean-a8seq3u2/source/TaylorBridgeShape31045.lean:85:37: warning: Used `tac1 <;> tac2` where `(tac1; tac2)` would suffice

Note: This linter can be disabled with `set_option linter.unnecessarySeqFocus false`
/var/folders/4y/ps29sw397zvfg5j92gl4zbp00000gn/T/erdos1045-clean-a8seq3u2/source/TaylorBridgeShape31045.lean:100:37: warning: Used `tac1 <;> tac2` where `(tac1; tac2)` would suffice

Note: This linter can be disabled with `set_option linter.unnecessarySeqFocus false`
/var/folders/4y/ps29sw397zvfg5j92gl4zbp00000gn/T/erdos1045-clean-a8seq3u2/source/TaylorBridgeShape31045.lean:103:37: warning: Used `tac1 <;> tac2` where `(tac1; tac2)` would suffice

Note: This linter can be disabled with `set_option linter.unnecessarySeqFocus false`
/var/folders/4y/ps29sw397zvfg5j92gl4zbp00000gn/T/erdos1045-clean-a8seq3u2/source/TaylorBridgeShape31045.lean:109:37: warning: Used `tac1 <;> tac2` where `(tac1; tac2)` would suffice

Note: This linter can be disabled with `set_option linter.unnecessarySeqFocus false`
/var/folders/4y/ps29sw397zvfg5j92gl4zbp00000gn/T/erdos1045-clean-a8seq3u2/source/TaylorBridgeShape31045.lean:115:37: warning: Used `tac1 <;> tac2` where `(tac1; tac2)` would suffice

Note: This linter can be disabled with `set_option linter.unnecessarySeqFocus false`
/var/folders/4y/ps29sw397zvfg5j92gl4zbp00000gn/T/erdos1045-clean-a8seq3u2/source/TaylorBridgeShape31045.lean:124:37: warning: Used `tac1 <;> tac2` where `(tac1; tac2)` would suffice

Note: This linter can be disabled with `set_option linter.unnecessarySeqFocus false`
/var/folders/4y/ps29sw397zvfg5j92gl4zbp00000gn/T/erdos1045-clean-a8seq3u2/source/TaylorBridgeShape31045.lean:127:37: warning: Used `tac1 <;> tac2` where `(tac1; tac2)` would suffice

Note: This linter can be disabled with `set_option linter.unnecessarySeqFocus false`
/var/folders/4y/ps29sw397zvfg5j92gl4zbp00000gn/T/erdos1045-clean-a8seq3u2/source/TaylorBridgeShape31045.lean:130:37: warning: Used `tac1 <;> tac2` where `(tac1; tac2)` would suffice

Note: This linter can be disabled with `set_option linter.unnecessarySeqFocus false`
/var/folders/4y/ps29sw397zvfg5j92gl4zbp00000gn/T/erdos1045-clean-a8seq3u2/source/TaylorBridgeShape31045.lean:133:37: warning: Used `tac1 <;> tac2` where `(tac1; tac2)` would suffice

Note: This linter can be disabled with `set_option linter.unnecessarySeqFocus false`
/var/folders/4y/ps29sw397zvfg5j92gl4zbp00000gn/T/erdos1045-clean-a8seq3u2/source/TaylorBridgeShape31045.lean:139:37: warning: Used `tac1 <;> tac2` where `(tac1; tac2)` would suffice

Note: This linter can be disabled with `set_option linter.unnecessarySeqFocus false`
/var/folders/4y/ps29sw397zvfg5j92gl4zbp00000gn/T/erdos1045-clean-a8seq3u2/source/TaylorBridgeShape31045.lean:142:37: warning: Used `tac1 <;> tac2` where `(tac1; tac2)` would suffice

Note: This linter can be disabled with `set_option linter.unnecessarySeqFocus false`
/var/folders/4y/ps29sw397zvfg5j92gl4zbp00000gn/T/erdos1045-clean-a8seq3u2/source/TaylorBridgeShape31045.lean:148:37: warning: Used `tac1 <;> tac2` where `(tac1; tac2)` would suffice

Note: This linter can be disabled with `set_option linter.unnecessarySeqFocus false`
/var/folders/4y/ps29sw397zvfg5j92gl4zbp00000gn/T/erdos1045-clean-a8seq3u2/source/TaylorBridgeShape31045.lean:157:37: warning: Used `tac1 <;> tac2` where `(tac1; tac2)` would suffice

Note: This linter can be disabled with `set_option linter.unnecessarySeqFocus false`
/var/folders/4y/ps29sw397zvfg5j92gl4zbp00000gn/T/erdos1045-clean-a8seq3u2/source/TaylorBridgeShape31045.lean:160:37: warning: Used `tac1 <;> tac2` where `(tac1; tac2)` would suffice

Note: This linter can be disabled with `set_option linter.unnecessarySeqFocus false`
'TaylorBenchArms311.distance_value' depends on axioms: [propext, Classical.choice, Quot.sound]
'TaylorBenchArms311.gradient_value' depends on axioms: [propext, Classical.choice, Quot.sound]
'TaylorBenchArms311.expression_hasDeriv' depends on axioms: [propext, Classical.choice, Quot.sound]
